// Jest Snapshot v1, https://goo.gl/fbAQLP

exports[`Test getAllProducts lambda should return products list 1`] = `
Object {
  "body": "{\\"success\\":true,\\"response\\":{\\"product\\":{\\"count\\":4,\\"description\\":\\"Short Product Description1\\",\\"id\\":\\"7567ec4b-b10c-48c5-9345-fc73c48a80aa\\",\\"price\\":2.4,\\"title\\":\\"ProductOne\\"},\\"event\\":{\\"resource\\":\\"/assets\\",\\"path\\":\\"default/path\\",\\"httpMethod\\":\\"GET\\",\\"headers\\":{\\"default-header\\":\\"default\\"},\\"queryStringParameters\\":{\\"query\\":\\"default\\"},\\"pathParameters\\":{\\"productId\\":\\"7567ec4b-b10c-48c5-9345-fc73c48a80aa\\"},\\"stageVariables\\":{\\"ENV\\":\\"test\\"},\\"requestContext\\":{\\"accountId\\":\\"1234\\",\\"resourceId\\":\\"snmm5d\\",\\"stage\\":\\"test-invoke-stage\\",\\"requestId\\":\\"test-invoke-request\\",\\"identity\\":{\\"cognitoIdentityPoolId\\":null,\\"accountId\\":\\"1234\\",\\"cognitoIdentityId\\":null,\\"caller\\":\\"1234\\",\\"apiKey\\":\\"test-invoke-api-key\\",\\"sourceIp\\":\\"test-invoke-source-ip\\",\\"accessKey\\":\\"1234\\",\\"cognitoAuthenticationType\\":null,\\"cognitoAuthenticationProvider\\":null,\\"userArn\\":\\"arn:aws:iam::1234:user/test_user\\",\\"userAgent\\":\\"Apache-HttpClient/4.5.x (Java/1.8.0)\\",\\"user\\":\\"1234\\"},\\"resourcePath\\":\\"default/path\\",\\"httpMethod\\":\\"GET\\",\\"apiId\\":\\"1234\\"},\\"body\\":\\"default body\\",\\"isBase64Encoded\\":false}}}",
  "statusCode": 200,
}
`;
